Command line invocation:
    /Applications/Xcode.app/Contents/Developer/usr/bin/xcodebuild build -scheme OpenClip -destination platform=macOS

Resolve Package Graph


Resolved source packages:
  KeyboardShortcuts: https://github.com/sindresorhus/KeyboardShortcuts @ 2.4.0
  Defaults: https://github.com/sindresorhus/Defaults @ 8.2.0
  Sparkle: https://github.com/sparkle-project/Sparkle @ 2.9.4

--- xcodebuild: WARNING: Using the first of multiple matching destinations:
{ platform:macOS, arch:arm64, id:00008112-0002250626A3601E, name:My Mac }
{ platform:macOS, arch:x86_64, id:00008112-0002250626A3601E, name:My Mac }
ComputePackagePrebuildTargetDependencyGraph

Prepare packages

CreateBuildRequest

SendProjectDescription

CreateBuildOperation

ComputeTargetDependencyGraph
note: Building targets in dependency order
note: Target dependency graph (9 targets)
    Target 'OpenClip' in project 'OpenClip'
        ➜ Explicit dependency on target 'Core' in project 'OpenClip'
        ➜ Explicit dependency on target 'KeyboardShortcuts' in project 'KeyboardShortcuts'
        ➜ Explicit dependency on target 'Defaults' in project 'Defaults'
        ➜ Explicit dependency on target 'Sparkle' in project 'Sparkle'
    Target 'Sparkle' in project 'Sparkle' (no dependencies)
    Target 'Defaults' in project 'Defaults'
        ➜ Explicit dependency on target 'Defaults' in project 'Defaults'
        ➜ Explicit dependency on target 'Defaults_Defaults' in project 'Defaults'
    Target 'Defaults' in project 'Defaults'
        ➜ Explicit dependency on target 'Defaults_Defaults' in project 'Defaults'
    Target 'Defaults_Defaults' in project 'Defaults' (no dependencies)
    Target 'KeyboardShortcuts' in project 'KeyboardShortcuts'
        ➜ Explicit dependency on target 'KeyboardShortcuts' in project 'KeyboardShortcuts'
        ➜ Explicit dependency on target 'KeyboardShortcuts_KeyboardShortcuts' in project 'KeyboardShortcuts'
    Target 'KeyboardShortcuts' in project 'KeyboardShortcuts'
        ➜ Explicit dependency on target 'KeyboardShortcuts_KeyboardShortcuts' in project 'KeyboardShortcuts'
    Target 'KeyboardShortcuts_KeyboardShortcuts' in project 'KeyboardShortcuts' (no dependencies)
    Target 'Core' in project 'OpenClip' (no dependencies)

GatherProvisioningInputs

CreateBuildDescription

ExecuteExternalTool /Applications/Xcode.app/Contents/Developer/Toolchains/XcodeDefault.xctoolchain/usr/bin/clang -v -E -dM -arch arm64 -isysroot /Applications/Xcode.app/Contents/Developer/Platforms/MacOSX.platform/Developer/SDKs/MacOSX26.5.sdk -x c -c /dev/null

ExecuteExternalTool /Applications/Xcode.app/Contents/Developer/Toolchains/XcodeDefault.xctoolchain/usr/bin/swiftc --version

ExecuteExternalTool /Applications/Xcode.app/Contents/Developer/Toolchains/XcodeDefault.xctoolchain/usr/bin/clang -v -E -dM -isysroot /Applications/Xcode.app/Contents/Developer/Platforms/MacOSX.platform/Developer/SDKs/MacOSX26.5.sdk -x c -c /dev/null

ExecuteExternalTool /Applications/Xcode.app/Contents/Developer/Toolchains/XcodeDefault.xctoolchain/usr/bin/ld -version_details

ReadFileContents /Applications/Xcode.app/Contents/Developer/Toolchains/XcodeDefault.xctoolchain/usr/share/docc/features.json

Build description signature: 0f103a084b02d35e602f05e540464009
Build description path: /Users/ganesh/Library/Developer/Xcode/DerivedData/OpenClip-cmrphpltovtbptcyawyghvgbqifz/Build/Intermediates.noindex/XCBuildData/0f103a084b02d35e602f05e540464009.xcbuilddata
ClangStatCache /Applications/Xcode.app/Contents/Developer/Toolchains/XcodeDefault.xctoolchain/usr/bin/clang-stat-cache /Applications/Xcode.app/Contents/Developer/Platforms/MacOSX.platform/Developer/SDKs/MacOSX26.5.sdk /Users/ganesh/Library/Developer/Xcode/DerivedData/SDKStatCaches.noindex/macosx26.5-25F70-688ef53f1462e2c8f657fdc38a81448fe082c4a02f00227109f4ed75e425c832.sdkstatcache
    cd /Users/ganesh/dev/openclip/OpenClip.xcodeproj
    /Applications/Xcode.app/Contents/Developer/Toolchains/XcodeDefault.xctoolchain/usr/bin/clang-stat-cache /Applications/Xcode.app/Contents/Developer/Platforms/MacOSX.platform/Developer/SDKs/MacOSX26.5.sdk -o /Users/ganesh/Library/Developer/Xcode/DerivedData/SDKStatCaches.noindex/macosx26.5-25F70-688ef53f1462e2c8f657fdc38a81448fe082c4a02f00227109f4ed75e425c832.sdkstatcache

ProcessInfoPlistFile /Users/ganesh/Library/Developer/Xcode/DerivedData/OpenClip-cmrphpltovtbptcyawyghvgbqifz/Build/Products/Debug/KeyboardShortcuts_KeyboardShortcuts.bundle/Contents/Info.plist /Users/ganesh/Library/Developer/Xcode/DerivedData/OpenClip-cmrphpltovtbptcyawyghvgbqifz/Build/Intermediates.noindex/KeyboardShortcuts.build/Debug/KeyboardShortcuts_KeyboardShortcuts.build/empty-KeyboardShortcuts_KeyboardShortcuts.plist (in target 'KeyboardShortcuts_KeyboardShortcuts' from project 'KeyboardShortcuts')
    cd /Users/ganesh/Library/Developer/Xcode/DerivedData/OpenClip-cmrphpltovtbptcyawyghvgbqifz/SourcePackages/checkouts/KeyboardShortcuts
    builtin-infoPlistUtility /Users/ganesh/Library/Developer/Xcode/DerivedData/OpenClip-cmrphpltovtbptcyawyghvgbqifz/Build/Intermediates.noindex/KeyboardShortcuts.build/Debug/KeyboardShortcuts_KeyboardShortcuts.build/empty-KeyboardShortcuts_KeyboardShortcuts.plist -producttype com.apple.product-type.bundle -expandbuildsettings -platform macosx -o /Users/ganesh/Library/Developer/Xcode/DerivedData/OpenClip-cmrphpltovtbptcyawyghvgbqifz/Build/Products/Debug/KeyboardShortcuts_KeyboardShortcuts.bundle/Contents/Info.plist

ProcessInfoPlistFile /Users/ganesh/Library/Developer/Xcode/DerivedData/OpenClip-cmrphpltovtbptcyawyghvgbqifz/Build/Products/Debug/Defaults_Defaults.bundle/Contents/Info.plist /Users/ganesh/Library/Developer/Xcode/DerivedData/OpenClip-cmrphpltovtbptcyawyghvgbqifz/Build/Intermediates.noindex/Defaults.build/Debug/Defaults_Defaults.build/empty-Defaults_Defaults.plist (in target 'Defaults_Defaults' from project 'Defaults')
    cd /Users/ganesh/Library/Developer/Xcode/DerivedData/OpenClip-cmrphpltovtbptcyawyghvgbqifz/SourcePackages/checkouts/Defaults
    builtin-infoPlistUtility /Users/ganesh/Library/Developer/Xcode/DerivedData/OpenClip-cmrphpltovtbptcyawyghvgbqifz/Build/Intermediates.noindex/Defaults.build/Debug/Defaults_Defaults.build/empty-Defaults_Defaults.plist -producttype com.apple.product-type.bundle -expandbuildsettings -platform macosx -o /Users/ganesh/Library/Developer/Xcode/DerivedData/OpenClip-cmrphpltovtbptcyawyghvgbqifz/Build/Products/Debug/Defaults_Defaults.bundle/Contents/Info.plist

WriteAuxiliaryFile /Users/ganesh/Library/Developer/Xcode/DerivedData/OpenClip-cmrphpltovtbptcyawyghvgbqifz/Build/Intermediates.noindex/OpenClip.build/Debug/OpenClip.build/Objects-normal/arm64/OpenClip.SwiftFileList (in target 'OpenClip' from project 'OpenClip')
    cd /Users/ganesh/dev/openclip
    write-file /Users/ganesh/Library/Developer/Xcode/DerivedData/OpenClip-cmrphpltovtbptcyawyghvgbqifz/Build/Intermediates.noindex/OpenClip.build/Debug/OpenClip.build/Objects-normal/arm64/OpenClip.SwiftFileList

WriteAuxiliaryFile /Users/ganesh/Library/Developer/Xcode/DerivedData/OpenClip-cmrphpltovtbptcyawyghvgbqifz/Build/Intermediates.noindex/OpenClip.build/Debug/OpenClip.build/Objects-normal/arm64/OpenClip.LinkFileList (in target 'OpenClip' from project 'OpenClip')
    cd /Users/ganesh/dev/openclip
    write-file /Users/ganesh/Library/Developer/Xcode/DerivedData/OpenClip-cmrphpltovtbptcyawyghvgbqifz/Build/Intermediates.noindex/OpenClip.build/Debug/OpenClip.build/Objects-normal/arm64/OpenClip.LinkFileList

WriteAuxiliaryFile /Users/ganesh/Library/Developer/Xcode/DerivedData/OpenClip-cmrphpltovtbptcyawyghvgbqifz/Build/Intermediates.noindex/OpenClip.build/Debug/OpenClip.build/Objects-normal/arm64/OpenClip.SwiftConstValuesFileList (in target 'OpenClip' from project 'OpenClip')
    cd /Users/ganesh/dev/openclip
    write-file /Users/ganesh/Library/Developer/Xcode/DerivedData/OpenClip-cmrphpltovtbptcyawyghvgbqifz/Build/Intermediates.noindex/OpenClip.build/Debug/OpenClip.build/Objects-normal/arm64/OpenClip.SwiftConstValuesFileList

WriteAuxiliaryFile /Users/ganesh/Library/Developer/Xcode/DerivedData/OpenClip-cmrphpltovtbptcyawyghvgbqifz/Build/Intermediates.noindex/OpenClip.build/Debug/OpenClip.build/Objects-normal/arm64/OpenClip-OutputFileMap.json (in target 'OpenClip' from project 'OpenClip')
    cd /Users/ganesh/dev/openclip
    write-file /Users/ganesh/Library/Developer/Xcode/DerivedData/OpenClip-cmrphpltovtbptcyawyghvgbqifz/Build/Intermediates.noindex/OpenClip.build/Debug/OpenClip.build/Objects-normal/arm64/OpenClip-OutputFileMap.json

ProcessInfoPlistFile /Users/ganesh/Library/Developer/Xcode/DerivedData/OpenClip-cmrphpltovtbptcyawyghvgbqifz/Build/Products/Debug/Core.framework/Versions/A/Resources/Info.plist /Users/ganesh/Library/Developer/Xcode/DerivedData/OpenClip-cmrphpltovtbptcyawyghvgbqifz/Build/Intermediates.noindex/OpenClip.build/Debug/Core.build/empty-Core.plist (in target 'Core' from project 'OpenClip')
    cd /Users/ganesh/dev/openclip
    builtin-infoPlistUtility /Users/ganesh/Library/Developer/Xcode/DerivedData/OpenClip-cmrphpltovtbptcyawyghvgbqifz/Build/Intermediates.noindex/OpenClip.build/Debug/Core.build/empty-Core.plist -producttype com.apple.product-type.framework -expandbuildsettings -platform macosx -o /Users/ganesh/Library/Developer/Xcode/DerivedData/OpenClip-cmrphpltovtbptcyawyghvgbqifz/Build/Products/Debug/Core.framework/Versions/A/Resources/Info.plist

SwiftDriver OpenClip normal arm64 com.apple.xcode.tools.swift.compiler (in target 'OpenClip' from project 'OpenClip')
    cd /Users/ganesh/dev/openclip
    builtin-SwiftDriver -- /Applications/Xcode.app/Contents/Developer/Toolchains/XcodeDefault.xctoolchain/usr/bin/swiftc -module-name OpenClip -Onone @/Users/ganesh/Library/Developer/Xcode/DerivedData/OpenClip-cmrphpltovtbptcyawyghvgbqifz/Build/Intermediates.noindex/OpenClip.build/Debug/OpenClip.build/Objects-normal/arm64/OpenClip.SwiftFileList -DDEBUG -enable-experimental-feature DebugDescriptionMacro -sdk /Applications/Xcode.app/Contents/Developer/Platforms/MacOSX.platform/Developer/SDKs/MacOSX26.5.sdk -target arm64-apple-macos14.0 -g -module-cache-path /Users/ganesh/Library/Developer/Xcode/DerivedData/ModuleCache.noindex -Xfrontend -serialize-debugging-options -profile-coverage-mapping -profile-generate -enable-testing -index-store-path /Users/ganesh/Library/Developer/Xcode/DerivedData/OpenClip-cmrphpltovtbptcyawyghvgbqifz/Index.noindex/DataStore -Xcc -D_LIBCPP_HARDENING_MODE\=_LIBCPP_HARDENING_MODE_DEBUG -swift-version 6 -I /Users/ganesh/Library/Developer/Xcode/DerivedData/OpenClip-cmrphpltovtbptcyawyghvgbqifz/Build/Products/Debug -F /Users/ganesh/Library/Developer/Xcode/DerivedData/OpenClip-cmrphpltovtbptcyawyghvgbqifz/Build/Products/Debug/PackageFrameworks -F /Users/ganesh/Library/Developer/Xcode/DerivedData/OpenClip-cmrphpltovtbptcyawyghvgbqifz/Build/Products/Debug/PackageFrameworks -F /Users/ganesh/Library/Developer/Xcode/DerivedData/OpenClip-cmrphpltovtbptcyawyghvgbqifz/Build/Products/Debug -c -j8 -enable-batch-mode -incremental -Xcc -ivfsstatcache -Xcc /Users/ganesh/Library/Developer/Xcode/DerivedData/SDKStatCaches.noindex/macosx26.5-25F70-688ef53f1462e2c8f657fdc38a81448fe082c4a02f00227109f4ed75e425c832.sdkstatcache -output-file-map /Users/ganesh/Library/Developer/Xcode/DerivedData/OpenClip-cmrphpltovtbptcyawyghvgbqifz/Build/Intermediates.noindex/OpenClip.build/Debug/OpenClip.build/Objects-normal/arm64/OpenClip-OutputFileMap.json -use-frontend-parseable-output -save-temps -no-color-diagnostics -explicit-module-build -module-cache-path /Users/ganesh/Library/Developer/Xcode/DerivedData/OpenClip-cmrphpltovtbptcyawyghvgbqifz/Build/Intermediates.noindex/SwiftExplicitPrecompiledModules -clang-scanner-module-cache-path /Users/ganesh/Library/Developer/Xcode/DerivedData/ModuleCache.noindex -sdk-module-cache-path /Users/ganesh/Library/Developer/Xcode/DerivedData/ModuleCache.noindex -serialize-diagnostics -emit-dependencies -emit-module -emit-module-path /Users/ganesh/Library/Developer/Xcode/DerivedData/OpenClip-cmrphpltovtbptcyawyghvgbqifz/Build/Intermediates.noindex/OpenClip.build/Debug/OpenClip.build/Objects-normal/arm64/OpenClip.swiftmodule -validate-clang-modules-once -clang-build-session-file /Users/ganesh/Library/Developer/Xcode/DerivedData/ModuleCache.noindex/Session.modulevalidation -Xcc -I/Users/ganesh/Library/Developer/Xcode/DerivedData/OpenClip-cmrphpltovtbptcyawyghvgbqifz/Build/Intermediates.noindex/OpenClip.build/Debug/OpenClip.build/swift-overrides.hmap -emit-const-values -Xfrontend -const-gather-protocols-file -Xfrontend /Users/ganesh/Library/Developer/Xcode/DerivedData/OpenClip-cmrphpltovtbptcyawyghvgbqifz/Build/Intermediates.noindex/OpenClip.build/Debug/OpenClip.build/Objects-normal/arm64/OpenClip_const_extract_protocols.json -Xcc -iquote -Xcc /Users/ganesh/Library/Developer/Xcode/DerivedData/OpenClip-cmrphpltovtbptcyawyghvgbqifz/Build/Intermediates.noindex/OpenClip.build/Debug/OpenClip.build/OpenClip-generated-files.hmap -Xcc -I/Users/ganesh/Library/Developer/Xcode/DerivedData/OpenClip-cmrphpltovtbptcyawyghvgbqifz/Build/Intermediates.noindex/OpenClip.build/Debug/OpenClip.build/OpenClip-own-target-headers.hmap -Xcc -I/Users/ganesh/Library/Developer/Xcode/DerivedData/OpenClip-cmrphpltovtbptcyawyghvgbqifz/Build/Intermediates.noindex/OpenClip.build/Debug/OpenClip.build/OpenClip-all-non-framework-target-headers.hmap -Xcc -ivfsoverlay -Xcc /Users/ganesh/Library/Developer/Xcode/DerivedData/OpenClip-cmrphpltovtbptcyawyghvgbqifz/Build/Intermediates.noindex/OpenClip.build/Debug/OpenClip-00804e4c444eccf45e4d5d56416ef54f-VFS/all-product-headers.yaml -Xcc -iquote -Xcc /Users/ganesh/Library/Developer/Xcode/DerivedData/OpenClip-cmrphpltovtbptcyawyghvgbqifz/Build/Intermediates.noindex/OpenClip.build/Debug/OpenClip.build/OpenClip-project-headers.hmap -Xcc -I/Users/ganesh/Library/Developer/Xcode/DerivedData/OpenClip-cmrphpltovtbptcyawyghvgbqifz/Build/Products/Debug/include -Xcc -I/Users/ganesh/Library/Developer/Xcode/DerivedData/OpenClip-cmrphpltovtbptcyawyghvgbqifz/Build/Intermediates.noindex/OpenClip.build/Debug/OpenClip.build/DerivedSources-normal/arm64 -Xcc -I/Users/ganesh/Library/Developer/Xcode/DerivedData/OpenClip-cmrphpltovtbptcyawyghvgbqifz/Build/Intermediates.noindex/OpenClip.build/Debug/OpenClip.build/DerivedSources/arm64 -Xcc -I/Users/ganesh/Library/Developer/Xcode/DerivedData/OpenClip-cmrphpltovtbptcyawyghvgbqifz/Build/Intermediates.noindex/OpenClip.build/Debug/OpenClip.build/DerivedSources -Xcc -DDEBUG\=1 -emit-objc-header -emit-objc-header-path /Users/ganesh/Library/Developer/Xcode/DerivedData/OpenClip-cmrphpltovtbptcyawyghvgbqifz/Build/Intermediates.noindex/OpenClip.build/Debug/OpenClip.build/Objects-normal/arm64/OpenClip-Swift.h -working-directory /Users/ganesh/dev/openclip -experimental-emit-module-separately -disable-cmo

SwiftCompile normal arm64 Compiling\ MacSelectionMonitor.swift /Users/ganesh/dev/openclip/Sources/OpenClip/Platform/MacSelectionMonitor.swift (in target 'OpenClip' from project 'OpenClip')

SwiftCompile normal arm64 /Users/ganesh/dev/openclip/Sources/OpenClip/Platform/MacSelectionMonitor.swift (in target 'OpenClip' from project 'OpenClip')
    cd /Users/ganesh/dev/openclip
    

SwiftCompile normal arm64 Compiling\ AppDelegate.swift /Users/ganesh/dev/openclip/Sources/OpenClip/AppDelegate.swift (in target 'OpenClip' from project 'OpenClip')
SwiftCompile normal arm64 /Users/ganesh/dev/openclip/Sources/OpenClip/AppDelegate.swift (in target 'OpenClip' from project 'OpenClip')
    cd /Users/ganesh/dev/openclip
    
/Users/ganesh/dev/openclip/Sources/OpenClip/AppDelegate.swift:25:13: warning: variable 'monitor' was never mutated; consider changing to 'let' constant
        var monitor = MacSelectionMonitor(retriever: retriever)
        ~~~ ^
        let

SwiftEmitModule normal arm64 Emitting\ module\ for\ OpenClip (in target 'OpenClip' from project 'OpenClip')
EmitSwiftModule normal arm64 (in target 'OpenClip' from project 'OpenClip')
    cd /Users/ganesh/dev/openclip
    
/Users/ganesh/dev/openclip/Sources/OpenClip/Platform/AppIdentifying+NSRunningApplication.swift:4:1: warning: extension declares a conformance of imported type 'NSRunningApplication' to imported protocol 'AppIdentifying'; this will not behave correctly if the owners of 'AppKit' introduce this conformance in the future
extension NSRunningApplication: AppIdentifying {}
^
/Users/ganesh/dev/openclip/Sources/OpenClip/Platform/AppIdentifying+NSRunningApplication.swift:4:1: note: add '@retroactive' to silence this warning
extension NSRunningApplication: AppIdentifying {}
^                               ~~~~~~~~~~~~~~
                                @retroactive AppIdentifying

SwiftCompile normal arm64 Compiling\ PopupView.swift /Users/ganesh/dev/openclip/Sources/OpenClip/UI/Popup/PopupView.swift (in target 'OpenClip' from project 'OpenClip')

SwiftCompile normal arm64 /Users/ganesh/dev/openclip/Sources/OpenClip/UI/Popup/PopupView.swift (in target 'OpenClip' from project 'OpenClip')
    cd /Users/ganesh/dev/openclip
    

SwiftCompile normal arm64 Compiling\ PopupWindowController.swift /Users/ganesh/dev/openclip/Sources/OpenClip/UI/Popup/PopupWindowController.swift (in target 'OpenClip' from project 'OpenClip')
SwiftCompile normal arm64 /Users/ganesh/dev/openclip/Sources/OpenClip/UI/Popup/PopupWindowController.swift (in target 'OpenClip' from project 'OpenClip')
    cd /Users/ganesh/dev/openclip
    

SwiftCompile normal arm64 Compiling\ PopupPanel.swift /Users/ganesh/dev/openclip/Sources/OpenClip/UI/Popup/PopupPanel.swift (in target 'OpenClip' from project 'OpenClip')

SwiftCompile normal arm64 /Users/ganesh/dev/openclip/Sources/OpenClip/UI/Popup/PopupPanel.swift (in target 'OpenClip' from project 'OpenClip')
    cd /Users/ganesh/dev/openclip
    

SwiftCompile normal arm64 Compiling\ PopupPositioner.swift /Users/ganesh/dev/openclip/Sources/OpenClip/UI/Popup/PopupPositioner.swift (in target 'OpenClip' from project 'OpenClip')

SwiftCompile normal arm64 /Users/ganesh/dev/openclip/Sources/OpenClip/UI/Popup/PopupPositioner.swift (in target 'OpenClip' from project 'OpenClip')
    cd /Users/ganesh/dev/openclip
    

SwiftDriverJobDiscovery normal arm64 Compiling PopupPositioner.swift (in target 'OpenClip' from project 'OpenClip')

SwiftDriverJobDiscovery normal arm64 Compiling PopupView.swift (in target 'OpenClip' from project 'OpenClip')

SwiftDriverJobDiscovery normal arm64 Compiling MacSelectionMonitor.swift (in target 'OpenClip' from project 'OpenClip')

SwiftDriverJobDiscovery normal arm64 Compiling AppDelegate.swift (in target 'OpenClip' from project 'OpenClip')

SwiftDriverJobDiscovery normal arm64 Emitting module for OpenClip (in target 'OpenClip' from project 'OpenClip')

SwiftCompile normal arm64 Compiling\ OpenClipApp.swift /Users/ganesh/dev/openclip/Sources/OpenClip/OpenClipApp.swift (in target 'OpenClip' from project 'OpenClip')
SwiftCompile normal arm64 /Users/ganesh/dev/openclip/Sources/OpenClip/OpenClipApp.swift (in target 'OpenClip' from project 'OpenClip')
    cd /Users/ganesh/dev/openclip
    

SwiftDriver\ Compilation\ Requirements OpenClip normal arm64 com.apple.xcode.tools.swift.compiler (in target 'OpenClip' from project 'OpenClip')
    cd /Users/ganesh/dev/openclip
    builtin-Swift-Compilation-Requirements -- /Applications/Xcode.app/Contents/Developer/Toolchains/XcodeDefault.xctoolchain/usr/bin/swiftc -module-name OpenClip -Onone @/Users/ganesh/Library/Developer/Xcode/DerivedData/OpenClip-cmrphpltovtbptcyawyghvgbqifz/Build/Intermediates.noindex/OpenClip.build/Debug/OpenClip.build/Objects-normal/arm64/OpenClip.SwiftFileList -DDEBUG -enable-experimental-feature DebugDescriptionMacro -sdk /Applications/Xcode.app/Contents/Developer/Platforms/MacOSX.platform/Developer/SDKs/MacOSX26.5.sdk -target arm64-apple-macos14.0 -g -module-cache-path /Users/ganesh/Library/Developer/Xcode/DerivedData/ModuleCache.noindex -Xfrontend -serialize-debugging-options -profile-coverage-mapping -profile-generate -enable-testing -index-store-path /Users/ganesh/Library/Developer/Xcode/DerivedData/OpenClip-cmrphpltovtbptcyawyghvgbqifz/Index.noindex/DataStore -Xcc -D_LIBCPP_HARDENING_MODE\=_LIBCPP_HARDENING_MODE_DEBUG -swift-version 6 -I /Users/ganesh/Library/Developer/Xcode/DerivedData/OpenClip-cmrphpltovtbptcyawyghvgbqifz/Build/Products/Debug -F /Users/ganesh/Library/Developer/Xcode/DerivedData/OpenClip-cmrphpltovtbptcyawyghvgbqifz/Build/Products/Debug/PackageFrameworks -F /Users/ganesh/Library/Developer/Xcode/DerivedData/OpenClip-cmrphpltovtbptcyawyghvgbqifz/Build/Products/Debug/PackageFrameworks -F /Users/ganesh/Library/Developer/Xcode/DerivedData/OpenClip-cmrphpltovtbptcyawyghvgbqifz/Build/Products/Debug -c -j8 -enable-batch-mode -incremental -Xcc -ivfsstatcache -Xcc /Users/ganesh/Library/Developer/Xcode/DerivedData/SDKStatCaches.noindex/macosx26.5-25F70-688ef53f1462e2c8f657fdc38a81448fe082c4a02f00227109f4ed75e425c832.sdkstatcache -output-file-map /Users/ganesh/Library/Developer/Xcode/DerivedData/OpenClip-cmrphpltovtbptcyawyghvgbqifz/Build/Intermediates.noindex/OpenClip.build/Debug/OpenClip.build/Objects-normal/arm64/OpenClip-OutputFileMap.json -use-frontend-parseable-output -save-temps -no-color-diagnostics -explicit-module-build -module-cache-path /Users/ganesh/Library/Developer/Xcode/DerivedData/OpenClip-cmrphpltovtbptcyawyghvgbqifz/Build/Intermediates.noindex/SwiftExplicitPrecompiledModules -clang-scanner-module-cache-path /Users/ganesh/Library/Developer/Xcode/DerivedData/ModuleCache.noindex -sdk-module-cache-path /Users/ganesh/Library/Developer/Xcode/DerivedData/ModuleCache.noindex -serialize-diagnostics -emit-dependencies -emit-module -emit-module-path /Users/ganesh/Library/Developer/Xcode/DerivedData/OpenClip-cmrphpltovtbptcyawyghvgbqifz/Build/Intermediates.noindex/OpenClip.build/Debug/OpenClip.build/Objects-normal/arm64/OpenClip.swiftmodule -validate-clang-modules-once -clang-build-session-file /Users/ganesh/Library/Developer/Xcode/DerivedData/ModuleCache.noindex/Session.modulevalidation -Xcc -I/Users/ganesh/Library/Developer/Xcode/DerivedData/OpenClip-cmrphpltovtbptcyawyghvgbqifz/Build/Intermediates.noindex/OpenClip.build/Debug/OpenClip.build/swift-overrides.hmap -emit-const-values -Xfrontend -const-gather-protocols-file -Xfrontend /Users/ganesh/Library/Developer/Xcode/DerivedData/OpenClip-cmrphpltovtbptcyawyghvgbqifz/Build/Intermediates.noindex/OpenClip.build/Debug/OpenClip.build/Objects-normal/arm64/OpenClip_const_extract_protocols.json -Xcc -iquote -Xcc /Users/ganesh/Library/Developer/Xcode/DerivedData/OpenClip-cmrphpltovtbptcyawyghvgbqifz/Build/Intermediates.noindex/OpenClip.build/Debug/OpenClip.build/OpenClip-generated-files.hmap -Xcc -I/Users/ganesh/Library/Developer/Xcode/DerivedData/OpenClip-cmrphpltovtbptcyawyghvgbqifz/Build/Intermediates.noindex/OpenClip.build/Debug/OpenClip.build/OpenClip-own-target-headers.hmap -Xcc -I/Users/ganesh/Library/Developer/Xcode/DerivedData/OpenClip-cmrphpltovtbptcyawyghvgbqifz/Build/Intermediates.noindex/OpenClip.build/Debug/OpenClip.build/OpenClip-all-non-framework-target-headers.hmap -Xcc -ivfsoverlay -Xcc /Users/ganesh/Library/Developer/Xcode/DerivedData/OpenClip-cmrphpltovtbptcyawyghvgbqifz/Build/Intermediates.noindex/OpenClip.build/Debug/OpenClip-00804e4c444eccf45e4d5d56416ef54f-VFS/all-product-headers.yaml -Xcc -iquote -Xcc /Users/ganesh/Library/Developer/Xcode/DerivedData/OpenClip-cmrphpltovtbptcyawyghvgbqifz/Build/Intermediates.noindex/OpenClip.build/Debug/OpenClip.build/OpenClip-project-headers.hmap -Xcc -I/Users/ganesh/Library/Developer/Xcode/DerivedData/OpenClip-cmrphpltovtbptcyawyghvgbqifz/Build/Products/Debug/include -Xcc -I/Users/ganesh/Library/Developer/Xcode/DerivedData/OpenClip-cmrphpltovtbptcyawyghvgbqifz/Build/Intermediates.noindex/OpenClip.build/Debug/OpenClip.build/DerivedSources-normal/arm64 -Xcc -I/Users/ganesh/Library/Developer/Xcode/DerivedData/OpenClip-cmrphpltovtbptcyawyghvgbqifz/Build/Intermediates.noindex/OpenClip.build/Debug/OpenClip.build/DerivedSources/arm64 -Xcc -I/Users/ganesh/Library/Developer/Xcode/DerivedData/OpenClip-cmrphpltovtbptcyawyghvgbqifz/Build/Intermediates.noindex/OpenClip.build/Debug/OpenClip.build/DerivedSources -Xcc -DDEBUG\=1 -emit-objc-header -emit-objc-header-path /Users/ganesh/Library/Developer/Xcode/DerivedData/OpenClip-cmrphpltovtbptcyawyghvgbqifz/Build/Intermediates.noindex/OpenClip.build/Debug/OpenClip.build/Objects-normal/arm64/OpenClip-Swift.h -working-directory /Users/ganesh/dev/openclip -experimental-emit-module-separately -disable-cmo

SwiftMergeGeneratedHeaders /Users/ganesh/Library/Developer/Xcode/DerivedData/OpenClip-cmrphpltovtbptcyawyghvgbqifz/Build/Intermediates.noindex/OpenClip.build/Debug/OpenClip.build/DerivedSources/OpenClip-Swift.h /Users/ganesh/Library/Developer/Xcode/DerivedData/OpenClip-cmrphpltovtbptcyawyghvgbqifz/Build/Intermediates.noindex/OpenClip.build/Debug/OpenClip.build/Objects-normal/arm64/OpenClip-Swift.h (in target 'OpenClip' from project 'OpenClip')
    cd /Users/ganesh/dev/openclip
    builtin-swiftHeaderTool -arch arm64 /Users/ganesh/Library/Developer/Xcode/DerivedData/OpenClip-cmrphpltovtbptcyawyghvgbqifz/Build/Intermediates.noindex/OpenClip.build/Debug/OpenClip.build/Objects-normal/arm64/OpenClip-Swift.h -o /Users/ganesh/Library/Developer/Xcode/DerivedData/OpenClip-cmrphpltovtbptcyawyghvgbqifz/Build/Intermediates.noindex/OpenClip.build/Debug/OpenClip.build/DerivedSources/OpenClip-Swift.h

Copy /Users/ganesh/Library/Developer/Xcode/DerivedData/OpenClip-cmrphpltovtbptcyawyghvgbqifz/Build/Products/Debug/OpenClip.swiftmodule/arm64-apple-macos.swiftmodule /Users/ganesh/Library/Developer/Xcode/DerivedData/OpenClip-cmrphpltovtbptcyawyghvgbqifz/Build/Intermediates.noindex/OpenClip.build/Debug/OpenClip.build/Objects-normal/arm64/OpenClip.swiftmodule (in target 'OpenClip' from project 'OpenClip')
    cd /Users/ganesh/dev/openclip
    builtin-copy -exclude .DS_Store -exclude CVS -exclude .svn -exclude .git -exclude .hg -resolve-src-symlinks -rename /Users/ganesh/Library/Developer/Xcode/DerivedData/OpenClip-cmrphpltovtbptcyawyghvgbqifz/Build/Intermediates.noindex/OpenClip.build/Debug/OpenClip.build/Objects-normal/arm64/OpenClip.swiftmodule /Users/ganesh/Library/Developer/Xcode/DerivedData/OpenClip-cmrphpltovtbptcyawyghvgbqifz/Build/Products/Debug/OpenClip.swiftmodule/arm64-apple-macos.swiftmodule

Copy /Users/ganesh/Library/Developer/Xcode/DerivedData/OpenClip-cmrphpltovtbptcyawyghvgbqifz/Build/Products/Debug/OpenClip.swiftmodule/arm64-apple-macos.abi.json /Users/ganesh/Library/Developer/Xcode/DerivedData/OpenClip-cmrphpltovtbptcyawyghvgbqifz/Build/Intermediates.noindex/OpenClip.build/Debug/OpenClip.build/Objects-normal/arm64/OpenClip.abi.json (in target 'OpenClip' from project 'OpenClip')
    cd /Users/ganesh/dev/openclip
    builtin-copy -exclude .DS_Store -exclude CVS -exclude .svn -exclude .git -exclude .hg -resolve-src-symlinks -rename /Users/ganesh/Library/Developer/Xcode/DerivedData/OpenClip-cmrphpltovtbptcyawyghvgbqifz/Build/Intermediates.noindex/OpenClip.build/Debug/OpenClip.build/Objects-normal/arm64/OpenClip.abi.json /Users/ganesh/Library/Developer/Xcode/DerivedData/OpenClip-cmrphpltovtbptcyawyghvgbqifz/Build/Products/Debug/OpenClip.swiftmodule/arm64-apple-macos.abi.json

Copy /Users/ganesh/Library/Developer/Xcode/DerivedData/OpenClip-cmrphpltovtbptcyawyghvgbqifz/Build/Products/Debug/OpenClip.swiftmodule/Project/arm64-apple-macos.swiftsourceinfo /Users/ganesh/Library/Developer/Xcode/DerivedData/OpenClip-cmrphpltovtbptcyawyghvgbqifz/Build/Intermediates.noindex/OpenClip.build/Debug/OpenClip.build/Objects-normal/arm64/OpenClip.swiftsourceinfo (in target 'OpenClip' from project 'OpenClip')
    cd /Users/ganesh/dev/openclip
    builtin-copy -exclude .DS_Store -exclude CVS -exclude .svn -exclude .git -exclude .hg -resolve-src-symlinks -rename /Users/ganesh/Library/Developer/Xcode/DerivedData/OpenClip-cmrphpltovtbptcyawyghvgbqifz/Build/Intermediates.noindex/OpenClip.build/Debug/OpenClip.build/Objects-normal/arm64/OpenClip.swiftsourceinfo /Users/ganesh/Library/Developer/Xcode/DerivedData/OpenClip-cmrphpltovtbptcyawyghvgbqifz/Build/Products/Debug/OpenClip.swiftmodule/Project/arm64-apple-macos.swiftsourceinfo

SwiftDriverJobDiscovery normal arm64 Compiling PopupPanel.swift (in target 'OpenClip' from project 'OpenClip')

SwiftDriverJobDiscovery normal arm64 Compiling PopupWindowController.swift (in target 'OpenClip' from project 'OpenClip')

SwiftDriverJobDiscovery normal arm64 Compiling OpenClipApp.swift (in target 'OpenClip' from project 'OpenClip')

SwiftDriver\ Compilation OpenClip normal arm64 com.apple.xcode.tools.swift.compiler (in target 'OpenClip' from project 'OpenClip')
    cd /Users/ganesh/dev/openclip
    builtin-Swift-Compilation -- /Applications/Xcode.app/Contents/Developer/Toolchains/XcodeDefault.xctoolchain/usr/bin/swiftc -module-name OpenClip -Onone @/Users/ganesh/Library/Developer/Xcode/DerivedData/OpenClip-cmrphpltovtbptcyawyghvgbqifz/Build/Intermediates.noindex/OpenClip.build/Debug/OpenClip.build/Objects-normal/arm64/OpenClip.SwiftFileList -DDEBUG -enable-experimental-feature DebugDescriptionMacro -sdk /Applications/Xcode.app/Contents/Developer/Platforms/MacOSX.platform/Developer/SDKs/MacOSX26.5.sdk -target arm64-apple-macos14.0 -g -module-cache-path /Users/ganesh/Library/Developer/Xcode/DerivedData/ModuleCache.noindex -Xfrontend -serialize-debugging-options -profile-coverage-mapping -profile-generate -enable-testing -index-store-path /Users/ganesh/Library/Developer/Xcode/DerivedData/OpenClip-cmrphpltovtbptcyawyghvgbqifz/Index.noindex/DataStore -Xcc -D_LIBCPP_HARDENING_MODE\=_LIBCPP_HARDENING_MODE_DEBUG -swift-version 6 -I /Users/ganesh/Library/Developer/Xcode/DerivedData/OpenClip-cmrphpltovtbptcyawyghvgbqifz/Build/Products/Debug -F /Users/ganesh/Library/Developer/Xcode/DerivedData/OpenClip-cmrphpltovtbptcyawyghvgbqifz/Build/Products/Debug/PackageFrameworks -F /Users/ganesh/Library/Developer/Xcode/DerivedData/OpenClip-cmrphpltovtbptcyawyghvgbqifz/Build/Products/Debug/PackageFrameworks -F /Users/ganesh/Library/Developer/Xcode/DerivedData/OpenClip-cmrphpltovtbptcyawyghvgbqifz/Build/Products/Debug -c -j8 -enable-batch-mode -incremental -Xcc -ivfsstatcache -Xcc /Users/ganesh/Library/Developer/Xcode/DerivedData/SDKStatCaches.noindex/macosx26.5-25F70-688ef53f1462e2c8f657fdc38a81448fe082c4a02f00227109f4ed75e425c832.sdkstatcache -output-file-map /Users/ganesh/Library/Developer/Xcode/DerivedData/OpenClip-cmrphpltovtbptcyawyghvgbqifz/Build/Intermediates.noindex/OpenClip.build/Debug/OpenClip.build/Objects-normal/arm64/OpenClip-OutputFileMap.json -use-frontend-parseable-output -save-temps -no-color-diagnostics -explicit-module-build -module-cache-path /Users/ganesh/Library/Developer/Xcode/DerivedData/OpenClip-cmrphpltovtbptcyawyghvgbqifz/Build/Intermediates.noindex/SwiftExplicitPrecompiledModules -clang-scanner-module-cache-path /Users/ganesh/Library/Developer/Xcode/DerivedData/ModuleCache.noindex -sdk-module-cache-path /Users/ganesh/Library/Developer/Xcode/DerivedData/ModuleCache.noindex -serialize-diagnostics -emit-dependencies -emit-module -emit-module-path /Users/ganesh/Library/Developer/Xcode/DerivedData/OpenClip-cmrphpltovtbptcyawyghvgbqifz/Build/Intermediates.noindex/OpenClip.build/Debug/OpenClip.build/Objects-normal/arm64/OpenClip.swiftmodule -validate-clang-modules-once -clang-build-session-file /Users/ganesh/Library/Developer/Xcode/DerivedData/ModuleCache.noindex/Session.modulevalidation -Xcc -I/Users/ganesh/Library/Developer/Xcode/DerivedData/OpenClip-cmrphpltovtbptcyawyghvgbqifz/Build/Intermediates.noindex/OpenClip.build/Debug/OpenClip.build/swift-overrides.hmap -emit-const-values -Xfrontend -const-gather-protocols-file -Xfrontend /Users/ganesh/Library/Developer/Xcode/DerivedData/OpenClip-cmrphpltovtbptcyawyghvgbqifz/Build/Intermediates.noindex/OpenClip.build/Debug/OpenClip.build/Objects-normal/arm64/OpenClip_const_extract_protocols.json -Xcc -iquote -Xcc /Users/ganesh/Library/Developer/Xcode/DerivedData/OpenClip-cmrphpltovtbptcyawyghvgbqifz/Build/Intermediates.noindex/OpenClip.build/Debug/OpenClip.build/OpenClip-generated-files.hmap -Xcc -I/Users/ganesh/Library/Developer/Xcode/DerivedData/OpenClip-cmrphpltovtbptcyawyghvgbqifz/Build/Intermediates.noindex/OpenClip.build/Debug/OpenClip.build/OpenClip-own-target-headers.hmap -Xcc -I/Users/ganesh/Library/Developer/Xcode/DerivedData/OpenClip-cmrphpltovtbptcyawyghvgbqifz/Build/Intermediates.noindex/OpenClip.build/Debug/OpenClip.build/OpenClip-all-non-framework-target-headers.hmap -Xcc -ivfsoverlay -Xcc /Users/ganesh/Library/Developer/Xcode/DerivedData/OpenClip-cmrphpltovtbptcyawyghvgbqifz/Build/Intermediates.noindex/OpenClip.build/Debug/OpenClip-00804e4c444eccf45e4d5d56416ef54f-VFS/all-product-headers.yaml -Xcc -iquote -Xcc /Users/ganesh/Library/Developer/Xcode/DerivedData/OpenClip-cmrphpltovtbptcyawyghvgbqifz/Build/Intermediates.noindex/OpenClip.build/Debug/OpenClip.build/OpenClip-project-headers.hmap -Xcc -I/Users/ganesh/Library/Developer/Xcode/DerivedData/OpenClip-cmrphpltovtbptcyawyghvgbqifz/Build/Products/Debug/include -Xcc -I/Users/ganesh/Library/Developer/Xcode/DerivedData/OpenClip-cmrphpltovtbptcyawyghvgbqifz/Build/Intermediates.noindex/OpenClip.build/Debug/OpenClip.build/DerivedSources-normal/arm64 -Xcc -I/Users/ganesh/Library/Developer/Xcode/DerivedData/OpenClip-cmrphpltovtbptcyawyghvgbqifz/Build/Intermediates.noindex/OpenClip.build/Debug/OpenClip.build/DerivedSources/arm64 -Xcc -I/Users/ganesh/Library/Developer/Xcode/DerivedData/OpenClip-cmrphpltovtbptcyawyghvgbqifz/Build/Intermediates.noindex/OpenClip.build/Debug/OpenClip.build/DerivedSources -Xcc -DDEBUG\=1 -emit-objc-header -emit-objc-header-path /Users/ganesh/Library/Developer/Xcode/DerivedData/OpenClip-cmrphpltovtbptcyawyghvgbqifz/Build/Intermediates.noindex/OpenClip.build/Debug/OpenClip.build/Objects-normal/arm64/OpenClip-Swift.h -working-directory /Users/ganesh/dev/openclip -experimental-emit-module-separately -disable-cmo

Ld /Users/ganesh/Library/Developer/Xcode/DerivedData/OpenClip-cmrphpltovtbptcyawyghvgbqifz/Build/Products/Debug/OpenClip.app/Contents/MacOS/OpenClip.debug.dylib normal (in target 'OpenClip' from project 'OpenClip')
    cd /Users/ganesh/dev/openclip
    /Applications/Xcode.app/Contents/Developer/Toolchains/XcodeDefault.xctoolchain/usr/bin/clang -Xlinker -reproducible -target arm64-apple-macos14.0 -dynamiclib -isysroot /Applications/Xcode.app/Contents/Developer/Platforms/MacOSX.platform/Developer/SDKs/MacOSX26.5.sdk -O0 -L/Users/ganesh/Library/Developer/Xcode/DerivedData/OpenClip-cmrphpltovtbptcyawyghvgbqifz/Build/Intermediates.noindex/EagerLinkingTBDs/Debug -L/Users/ganesh/Library/Developer/Xcode/DerivedData/OpenClip-cmrphpltovtbptcyawyghvgbqifz/Build/Products/Debug -F/Users/ganesh/Library/Developer/Xcode/DerivedData/OpenClip-cmrphpltovtbptcyawyghvgbqifz/Build/Intermediates.noindex/EagerLinkingTBDs/Debug -F/Users/ganesh/Library/Developer/Xcode/DerivedData/OpenClip-cmrphpltovtbptcyawyghvgbqifz/Build/Products/Debug/PackageFrameworks -F/Users/ganesh/Library/Developer/Xcode/DerivedData/OpenClip-cmrphpltovtbptcyawyghvgbqifz/Build/Products/Debug/PackageFrameworks -F/Users/ganesh/Library/Developer/Xcode/DerivedData/OpenClip-cmrphpltovtbptcyawyghvgbqifz/Build/Products/Debug -filelist /Users/ganesh/Library/Developer/Xcode/DerivedData/OpenClip-cmrphpltovtbptcyawyghvgbqifz/Build/Intermediates.noindex/OpenClip.build/Debug/OpenClip.build/Objects-normal/arm64/OpenClip.LinkFileList -install_name @rpath/OpenClip.debug.dylib -Xlinker -rpath -Xlinker /usr/lib/swift -Xlinker -rpath -Xlinker /Users/ganesh/Library/Developer/Xcode/DerivedData/OpenClip-cmrphpltovtbptcyawyghvgbqifz/Build/Products/Debug/PackageFrameworks -Xlinker -rpath -Xlinker @executable_path/../Frameworks -Xlinker -object_path_lto -Xlinker /Users/ganesh/Library/Developer/Xcode/DerivedData/OpenClip-cmrphpltovtbptcyawyghvgbqifz/Build/Intermediates.noindex/OpenClip.build/Debug/OpenClip.build/Objects-normal/arm64/OpenClip_lto.o -rdynamic -Xlinker -no_deduplicate -Xlinker -debug_variant -Xlinker -dependency_info -Xlinker /Users/ganesh/Library/Developer/Xcode/DerivedData/OpenClip-cmrphpltovtbptcyawyghvgbqifz/Build/Intermediates.noindex/OpenClip.build/Debug/OpenClip.build/Objects-normal/arm64/OpenClip_dependency_info.dat -fobjc-link-runtime -fprofile-instr-generate -L/Applications/Xcode.app/Contents/Developer/Toolchains/XcodeDefault.xctoolchain/usr/lib/swift/macosx -L/usr/lib/swift -Xlinker -add_ast_path -Xlinker /Users/ganesh/Library/Developer/Xcode/DerivedData/OpenClip-cmrphpltovtbptcyawyghvgbqifz/Build/Intermediates.noindex/OpenClip.build/Debug/OpenClip.build/Objects-normal/arm64/OpenClip.swiftmodule @/Users/ganesh/Library/Developer/Xcode/DerivedData/OpenClip-cmrphpltovtbptcyawyghvgbqifz/Build/Intermediates.noindex/OpenClip.build/Debug/OpenClip.build/Objects-normal/arm64/OpenClip-linker-args.resp -Wl,-no_warn_duplicate_libraries -Wl,-no_warn_duplicate_libraries -Xlinker -alias -Xlinker _main -Xlinker ___debug_main_executable_dylib_entry_point -framework Core -framework Sparkle -Xlinker -no_adhoc_codesign -o /Users/ganesh/Library/Developer/Xcode/DerivedData/OpenClip-cmrphpltovtbptcyawyghvgbqifz/Build/Products/Debug/OpenClip.app/Contents/MacOS/OpenClip.debug.dylib -Xlinker -add_ast_path -Xlinker /Users/ganesh/Library/Developer/Xcode/DerivedData/OpenClip-cmrphpltovtbptcyawyghvgbqifz/Build/Intermediates.noindex/KeyboardShortcuts.build/Debug/KeyboardShortcuts.build/Objects-normal/arm64/KeyboardShortcuts.swiftmodule @/Users/ganesh/Library/Developer/Xcode/DerivedData/OpenClip-cmrphpltovtbptcyawyghvgbqifz/Build/Intermediates.noindex/KeyboardShortcuts.build/Debug/KeyboardShortcuts.build/Objects-normal/arm64/KeyboardShortcuts-linker-args.resp -Xlinker -add_ast_path -Xlinker /Users/ganesh/Library/Developer/Xcode/DerivedData/OpenClip-cmrphpltovtbptcyawyghvgbqifz/Build/Intermediates.noindex/Defaults.build/Debug/Defaults.build/Objects-normal/arm64/Defaults.swiftmodule @/Users/ganesh/Library/Developer/Xcode/DerivedData/OpenClip-cmrphpltovtbptcyawyghvgbqifz/Build/Intermediates.noindex/Defaults.build/Debug/Defaults.build/Objects-normal/arm64/Defaults-linker-args.resp

ConstructStubExecutorLinkFileList /Users/ganesh/Library/Developer/Xcode/DerivedData/OpenClip-cmrphpltovtbptcyawyghvgbqifz/Build/Intermediates.noindex/OpenClip.build/Debug/OpenClip.build/OpenClip-ExecutorLinkFileList-normal-arm64.txt (in target 'OpenClip' from project 'OpenClip')
    cd /Users/ganesh/dev/openclip
    construct-stub-executor-link-file-list /Users/ganesh/Library/Developer/Xcode/DerivedData/OpenClip-cmrphpltovtbptcyawyghvgbqifz/Build/Products/Debug/OpenClip.app/Contents/MacOS/OpenClip.debug.dylib /Applications/Xcode.app/Contents/Developer/Platforms/MacOSX.platform/Developer/usr/lib/libPreviewsJITStubExecutor_no_swift_entry_point.a /Applications/Xcode.app/Contents/Developer/Platforms/MacOSX.platform/Developer/usr/lib/libPreviewsJITStubExecutor.a --output /Users/ganesh/Library/Developer/Xcode/DerivedData/OpenClip-cmrphpltovtbptcyawyghvgbqifz/Build/Intermediates.noindex/OpenClip.build/Debug/OpenClip.build/OpenClip-ExecutorLinkFileList-normal-arm64.txt
note: Using stub executor library with Swift entry point. (in target 'OpenClip' from project 'OpenClip')

Ld /Users/ganesh/Library/Developer/Xcode/DerivedData/OpenClip-cmrphpltovtbptcyawyghvgbqifz/Build/Products/Debug/OpenClip.app/Contents/MacOS/OpenClip normal (in target 'OpenClip' from project 'OpenClip')
    cd /Users/ganesh/dev/openclip
    /Applications/Xcode.app/Contents/Developer/Toolchains/XcodeDefault.xctoolchain/usr/bin/clang -Xlinker -reproducible -target arm64-apple-macos14.0 -isysroot /Applications/Xcode.app/Contents/Developer/Platforms/MacOSX.platform/Developer/SDKs/MacOSX26.5.sdk -O0 -L/Users/ganesh/Library/Developer/Xcode/DerivedData/OpenClip-cmrphpltovtbptcyawyghvgbqifz/Build/Products/Debug -F/Users/ganesh/Library/Developer/Xcode/DerivedData/OpenClip-cmrphpltovtbptcyawyghvgbqifz/Build/Products/Debug/PackageFrameworks -F/Users/ganesh/Library/Developer/Xcode/DerivedData/OpenClip-cmrphpltovtbptcyawyghvgbqifz/Build/Products/Debug/PackageFrameworks -F/Users/ganesh/Library/Developer/Xcode/DerivedData/OpenClip-cmrphpltovtbptcyawyghvgbqifz/Build/Products/Debug -Xlinker -rpath -Xlinker @executable_path -Xlinker -rpath -Xlinker /Users/ganesh/Library/Developer/Xcode/DerivedData/OpenClip-cmrphpltovtbptcyawyghvgbqifz/Build/Products/Debug/PackageFrameworks -Xlinker -rpath -Xlinker @executable_path/../Frameworks -rdynamic -Xlinker -no_deduplicate -Xlinker -debug_variant -e ___debug_blank_executor_main -Xlinker -sectcreate -Xlinker __TEXT -Xlinker __debug_dylib -Xlinker /Users/ganesh/Library/Developer/Xcode/DerivedData/OpenClip-cmrphpltovtbptcyawyghvgbqifz/Build/Intermediates.noindex/OpenClip.build/Debug/OpenClip.build/OpenClip-DebugDylibPath-normal-arm64.txt -Xlinker -sectcreate -Xlinker __TEXT -Xlinker __debug_instlnm -Xlinker /Users/ganesh/Library/Developer/Xcode/DerivedData/OpenClip-cmrphpltovtbptcyawyghvgbqifz/Build/Intermediates.noindex/OpenClip.build/Debug/OpenClip.build/OpenClip-DebugDylibInstallName-normal-arm64.txt -Xlinker -filelist -Xlinker /Users/ganesh/Library/Developer/Xcode/DerivedData/OpenClip-cmrphpltovtbptcyawyghvgbqifz/Build/Intermediates.noindex/OpenClip.build/Debug/OpenClip.build/OpenClip-ExecutorLinkFileList-normal-arm64.txt /Users/ganesh/Library/Developer/Xcode/DerivedData/OpenClip-cmrphpltovtbptcyawyghvgbqifz/Build/Products/Debug/OpenClip.app/Contents/MacOS/OpenClip.debug.dylib -Xlinker -no_adhoc_codesign -o /Users/ganesh/Library/Developer/Xcode/DerivedData/OpenClip-cmrphpltovtbptcyawyghvgbqifz/Build/Products/Debug/OpenClip.app/Contents/MacOS/OpenClip

Copy /Users/ganesh/Library/Developer/Xcode/DerivedData/OpenClip-cmrphpltovtbptcyawyghvgbqifz/Build/Products/Debug/OpenClip.app/Contents/Frameworks/Core.framework /Users/ganesh/Library/Developer/Xcode/DerivedData/OpenClip-cmrphpltovtbptcyawyghvgbqifz/Build/Products/Debug/Core.framework (in target 'OpenClip' from project 'OpenClip')
    cd /Users/ganesh/dev/openclip
    builtin-copy -exclude .DS_Store -exclude CVS -exclude .svn -exclude .git -exclude .hg -exclude Headers -exclude PrivateHeaders -exclude Modules -exclude \*.tbd -resolve-src-symlinks -remove-static-executable /Users/ganesh/Library/Developer/Xcode/DerivedData/OpenClip-cmrphpltovtbptcyawyghvgbqifz/Build/Products/Debug/Core.framework /Users/ganesh/Library/Developer/Xcode/DerivedData/OpenClip-cmrphpltovtbptcyawyghvgbqifz/Build/Products/Debug/OpenClip.app/Contents/Frameworks

ProcessInfoPlistFile /Users/ganesh/Library/Developer/Xcode/DerivedData/OpenClip-cmrphpltovtbptcyawyghvgbqifz/Build/Products/Debug/OpenClip.app/Contents/Info.plist /Users/ganesh/Library/Developer/Xcode/DerivedData/OpenClip-cmrphpltovtbptcyawyghvgbqifz/Build/Intermediates.noindex/OpenClip.build/Debug/OpenClip.build/empty-OpenClip.plist (in target 'OpenClip' from project 'OpenClip')
    cd /Users/ganesh/dev/openclip
    builtin-infoPlistUtility /Users/ganesh/Library/Developer/Xcode/DerivedData/OpenClip-cmrphpltovtbptcyawyghvgbqifz/Build/Intermediates.noindex/OpenClip.build/Debug/OpenClip.build/empty-OpenClip.plist -producttype com.apple.product-type.application -genpkginfo /Users/ganesh/Library/Developer/Xcode/DerivedData/OpenClip-cmrphpltovtbptcyawyghvgbqifz/Build/Products/Debug/OpenClip.app/Contents/PkgInfo -expandbuildsettings -platform macosx -scanforprivacyfile /Users/ganesh/Library/Developer/Xcode/DerivedData/OpenClip-cmrphpltovtbptcyawyghvgbqifz/Build/Products/Debug/OpenClip.app/Contents/Frameworks/Core.framework -scanforprivacyfile /Users/ganesh/Library/Developer/Xcode/DerivedData/OpenClip-cmrphpltovtbptcyawyghvgbqifz/Build/Products/Debug/OpenClip.app/Contents/Frameworks/Sparkle.framework -scanforprivacyfile /Users/ganesh/Library/Developer/Xcode/DerivedData/OpenClip-cmrphpltovtbptcyawyghvgbqifz/Build/Products/Debug/OpenClip.app/Contents/Resources/Defaults_Defaults.bundle -scanforprivacyfile /Users/ganesh/Library/Developer/Xcode/DerivedData/OpenClip-cmrphpltovtbptcyawyghvgbqifz/Build/Products/Debug/OpenClip.app/Contents/Resources/KeyboardShortcuts_KeyboardShortcuts.bundle -o /Users/ganesh/Library/Developer/Xcode/DerivedData/OpenClip-cmrphpltovtbptcyawyghvgbqifz/Build/Products/Debug/OpenClip.app/Contents/Info.plist

CodeSign /Users/ganesh/Library/Developer/Xcode/DerivedData/OpenClip-cmrphpltovtbptcyawyghvgbqifz/Build/Products/Debug/OpenClip.app/Contents/Frameworks/Core.framework/Versions/A (in target 'OpenClip' from project 'OpenClip')
    cd /Users/ganesh/dev/openclip
    
    Signing Identity:     "Sign to Run Locally"
    
    /usr/bin/codesign --force --sign - --timestamp\=none --preserve-metadata\=identifier,entitlements,flags --generate-entitlement-der /Users/ganesh/Library/Developer/Xcode/DerivedData/OpenClip-cmrphpltovtbptcyawyghvgbqifz/Build/Products/Debug/OpenClip.app/Contents/Frameworks/Core.framework/Versions/A
/Users/ganesh/Library/Developer/Xcode/DerivedData/OpenClip-cmrphpltovtbptcyawyghvgbqifz/Build/Products/Debug/OpenClip.app/Contents/Frameworks/Core.framework/Versions/A: replacing existing signature

ExtractAppIntentsMetadata (in target 'OpenClip' from project 'OpenClip')
    cd /Users/ganesh/dev/openclip
    /Applications/Xcode.app/Contents/Developer/Toolchains/XcodeDefault.xctoolchain/usr/bin/appintentsmetadataprocessor --toolchain-dir /Users/ganesh/Library/Developer/DVTDownloads/MetalToolchain/mounts/5f4a441a6d0a11f2e9b28c67384263afe92320f7/Metal.xctoolchain --module-name OpenClip --sdk-root /Applications/Xcode.app/Contents/Developer/Platforms/MacOSX.platform/Developer/SDKs/MacOSX26.5.sdk --xcode-version 17F113 --platform-family macOS --deployment-target 14.0 --bundle-identifier com.openclip.OpenClip --output /Users/ganesh/Library/Developer/Xcode/DerivedData/OpenClip-cmrphpltovtbptcyawyghvgbqifz/Build/Products/Debug/OpenClip.app/Contents/Resources --target-triple arm64-apple-macos14.0 --binary-file /Users/ganesh/Library/Developer/Xcode/DerivedData/OpenClip-cmrphpltovtbptcyawyghvgbqifz/Build/Products/Debug/OpenClip.app/Contents/MacOS/OpenClip --dependency-file /Users/ganesh/Library/Developer/Xcode/DerivedData/OpenClip-cmrphpltovtbptcyawyghvgbqifz/Build/Intermediates.noindex/OpenClip.build/Debug/OpenClip.build/Objects-normal/arm64/OpenClip_dependency_info.dat --stringsdata-file /Users/ganesh/Library/Developer/Xcode/DerivedData/OpenClip-cmrphpltovtbptcyawyghvgbqifz/Build/Intermediates.noindex/OpenClip.build/Debug/OpenClip.build/Objects-normal/arm64/ExtractedAppShortcutsMetadata.stringsdata --source-file-list /Users/ganesh/Library/Developer/Xcode/DerivedData/OpenClip-cmrphpltovtbptcyawyghvgbqifz/Build/Intermediates.noindex/OpenClip.build/Debug/OpenClip.build/Objects-normal/arm64/OpenClip.SwiftFileList --metadata-file-list /Users/ganesh/Library/Developer/Xcode/DerivedData/OpenClip-cmrphpltovtbptcyawyghvgbqifz/Build/Intermediates.noindex/OpenClip.build/Debug/OpenClip.build/OpenClip.DependencyMetadataFileList --static-metadata-file-list /Users/ganesh/Library/Developer/Xcode/DerivedData/OpenClip-cmrphpltovtbptcyawyghvgbqifz/Build/Intermediates.noindex/OpenClip.build/Debug/OpenClip.build/OpenClip.DependencyStaticMetadataFileList --swift-const-vals-list /Users/ganesh/Library/Developer/Xcode/DerivedData/OpenClip-cmrphpltovtbptcyawyghvgbqifz/Build/Intermediates.noindex/OpenClip.build/Debug/OpenClip.build/Objects-normal/arm64/OpenClip.SwiftConstValuesFileList --compile-time-extraction --deployment-aware-processing --validate-assistant-intents --no-app-shortcuts-localization
2026-07-31 02:22:55.167 appintentsmetadataprocessor[17558:24414620] Starting appintentsmetadataprocessor export
2026-07-31 02:22:55.168 appintentsmetadataprocessor[17558:24414620] warning: Metadata extraction skipped. No AppIntents.framework dependency found.

CopySwiftLibs /Users/ganesh/Library/Developer/Xcode/DerivedData/OpenClip-cmrphpltovtbptcyawyghvgbqifz/Build/Products/Debug/OpenClip.app (in target 'OpenClip' from project 'OpenClip')
    cd /Users/ganesh/dev/openclip
    builtin-swiftStdLibTool --copy --verbose --sign - --scan-executable /Users/ganesh/Library/Developer/Xcode/DerivedData/OpenClip-cmrphpltovtbptcyawyghvgbqifz/Build/Products/Debug/OpenClip.app/Contents/MacOS/OpenClip.debug.dylib --scan-folder /Users/ganesh/Library/Developer/Xcode/DerivedData/OpenClip-cmrphpltovtbptcyawyghvgbqifz/Build/Products/Debug/OpenClip.app/Contents/Frameworks --scan-folder /Users/ganesh/Library/Developer/Xcode/DerivedData/OpenClip-cmrphpltovtbptcyawyghvgbqifz/Build/Products/Debug/OpenClip.app/Contents/PlugIns --scan-folder /Users/ganesh/Library/Developer/Xcode/DerivedData/OpenClip-cmrphpltovtbptcyawyghvgbqifz/Build/Products/Debug/OpenClip.app/Contents/Library/SystemExtensions --scan-folder /Users/ganesh/Library/Developer/Xcode/DerivedData/OpenClip-cmrphpltovtbptcyawyghvgbqifz/Build/Products/Debug/OpenClip.app/Contents/Extensions --scan-folder /Users/ganesh/Library/Developer/Xcode/DerivedData/OpenClip-cmrphpltovtbptcyawyghvgbqifz/Build/Products/Debug/Core.framework --platform macosx --toolchain /Users/ganesh/Library/Developer/DVTDownloads/MetalToolchain/mounts/5f4a441a6d0a11f2e9b28c67384263afe92320f7/Metal.xctoolchain --toolchain /Applications/Xcode.app/Contents/Developer/Toolchains/XcodeDefault.xctoolchain --destination /Users/ganesh/Library/Developer/Xcode/DerivedData/OpenClip-cmrphpltovtbptcyawyghvgbqifz/Build/Products/Debug/OpenClip.app/Contents/Frameworks --strip-bitcode --strip-bitcode-tool /Applications/Xcode.app/Contents/Developer/Toolchains/XcodeDefault.xctoolchain/usr/bin/bitcode_strip --emit-dependency-info /Users/ganesh/Library/Developer/Xcode/DerivedData/OpenClip-cmrphpltovtbptcyawyghvgbqifz/Build/Intermediates.noindex/OpenClip.build/Debug/OpenClip.build/SwiftStdLibToolInputDependencies.dep --filter-for-swift-os --back-deploy-swift-span

CodeSign /Users/ganesh/Library/Developer/Xcode/DerivedData/OpenClip-cmrphpltovtbptcyawyghvgbqifz/Build/Products/Debug/OpenClip.app/Contents/MacOS/OpenClip.debug.dylib (in target 'OpenClip' from project 'OpenClip')
    cd /Users/ganesh/dev/openclip
    
    Signing Identity:     "Sign to Run Locally"
    
    /usr/bin/codesign --force --sign - --timestamp\=none --generate-entitlement-der /Users/ganesh/Library/Developer/Xcode/DerivedData/OpenClip-cmrphpltovtbptcyawyghvgbqifz/Build/Products/Debug/OpenClip.app/Contents/MacOS/OpenClip.debug.dylib

CodeSign /Users/ganesh/Library/Developer/Xcode/DerivedData/OpenClip-cmrphpltovtbptcyawyghvgbqifz/Build/Products/Debug/OpenClip.app/Contents/MacOS/__preview.dylib (in target 'OpenClip' from project 'OpenClip')
    cd /Users/ganesh/dev/openclip
    
    Signing Identity:     "Sign to Run Locally"
    
    /usr/bin/codesign --force --sign - --timestamp\=none --generate-entitlement-der /Users/ganesh/Library/Developer/Xcode/DerivedData/OpenClip-cmrphpltovtbptcyawyghvgbqifz/Build/Products/Debug/OpenClip.app/Contents/MacOS/__preview.dylib
/Users/ganesh/Library/Developer/Xcode/DerivedData/OpenClip-cmrphpltovtbptcyawyghvgbqifz/Build/Products/Debug/OpenClip.app/Contents/MacOS/__preview.dylib: replacing existing signature

CodeSign /Users/ganesh/Library/Developer/Xcode/DerivedData/OpenClip-cmrphpltovtbptcyawyghvgbqifz/Build/Products/Debug/OpenClip.app (in target 'OpenClip' from project 'OpenClip')
    cd /Users/ganesh/dev/openclip
    
    Signing Identity:     "Sign to Run Locally"
    
    /usr/bin/codesign --force --sign - --entitlements /Users/ganesh/Library/Developer/Xcode/DerivedData/OpenClip-cmrphpltovtbptcyawyghvgbqifz/Build/Intermediates.noindex/OpenClip.build/Debug/OpenClip.build/OpenClip.app.xcent --timestamp\=none --generate-entitlement-der /Users/ganesh/Library/Developer/Xcode/DerivedData/OpenClip-cmrphpltovtbptcyawyghvgbqifz/Build/Products/Debug/OpenClip.app

Validate /Users/ganesh/Library/Developer/Xcode/DerivedData/OpenClip-cmrphpltovtbptcyawyghvgbqifz/Build/Products/Debug/OpenClip.app (in target 'OpenClip' from project 'OpenClip')
    cd /Users/ganesh/dev/openclip
    builtin-validationUtility /Users/ganesh/Library/Developer/Xcode/DerivedData/OpenClip-cmrphpltovtbptcyawyghvgbqifz/Build/Products/Debug/OpenClip.app -no-validate-extension -infoplist-subpath Contents/Info.plist

RegisterWithLaunchServices /Users/ganesh/Library/Developer/Xcode/DerivedData/OpenClip-cmrphpltovtbptcyawyghvgbqifz/Build/Products/Debug/OpenClip.app (in target 'OpenClip' from project 'OpenClip')
    cd /Users/ganesh/dev/openclip
    /System/Library/Frameworks/CoreServices.framework/Versions/Current/Frameworks/LaunchServices.framework/Versions/Current/Support/lsregister -f -R -trusted /Users/ganesh/Library/Developer/Xcode/DerivedData/OpenClip-cmrphpltovtbptcyawyghvgbqifz/Build/Products/Debug/OpenClip.app

note: Disabling hardened runtime with ad-hoc codesigning. (in target 'OpenClip' from project 'OpenClip')
** BUILD SUCCEEDED **

